Guru Meditation Error: Core  / panic'ed (Cache error). 
Cache disabled but cached memory region accessed

Core  0 register dump:
PC      : 0x4008fa83  PS      : 0x00060535  A0      : 0x8008aee0  A1      : 0x3ffcb820  
A2      : 0x00000001  A3      : 0x00000002  A4      : 0x3ff00044  A5      : 0x3ffc4dc8  
A6      : 0x00000008  A7      : 0x00000006  A8      : 0x8008fa77  A9      : 0x3ffcb800  
A10     : 0x00000006  A11     : 0x3ffcd9a8  A12     : 0x0000be00  A13     : 0x00000000  
A14     : 0x3ffcb90c  A15     : 0x00000200  SAR     : 0x00000008  EXCCAUSE: 0x00000007  
EXCVADDR: 0x00000000  LBEG    : 0x40088d0c  LEND    : 0x40088d28  LCOUNT  : 0x00000000  


Backtrace: 0x4008fa80:0x3ffcb820 0x4008aedd:0x3ffcb840 0x400817af:0x3ffcb860 0x400818e9:0x3ffcb880 0x4008173b:0x3ffcb8a0 0x40081743:0x3ffcb8c0 0x40093a27:0x3ffcb8e0 0x4009350e:0x3ffcb900 0x400e847b:0x3ffcb940 0x400f3156:0x3ffcb960 0x400f1c39:0x3ffcb980 0x400f3932:0x3ffcb9e0 0x400f2ddd:0x3ffcba50 0x400f3357:0x3ffcbac0 0x400f340d:0x3ffcbaf0 0x400f07ab:0x3ffcbb20 0x400f07be:0x3ffcbb50 0x400e3794:0x3ffcbb70 0x400e6389:0x3ffcbba0 0x4018f6bf:0x3ffcbbd0 0x4008cd95:0x3ffcbc00


Core  1 register dump:
PC      : 0x400817dd  PS      : 0x00060535  A0      : 0x80081a02  A1      : 0x3ffbacb0  
A2      : 0x00000001  A3      : 0x00000001  A4      : 0xffffffff  A5      : 0x3f4291f8  
A6      : 0x3ffbdec8  A7      : 0x3ffc5210  A8      : 0x00000000  A9      : 0x3ffc4c4a  
A10     : 0x00000001  A11     : 0xffffffff  A12     : 0x84000042  A13     : 0x00000004  
A14     : 0x00000001  A15     : 0x00000000  SAR     : 0x00000001  EXCCAUSE: 0x00000007  
EXCVADDR: 0x00000000  LBEG    : 0x00000000  LEND    : 0x00000000  LCOUNT  : 0x00000000  


Backtrace: 0x400817da:0x3ffbacb0 0x400819ff:0x3ffbacd0 0x4008cd95:0x3ffbad00




ELF file SHA256: d2f43c750

Rebooting...
ets Jul 29 2019 12:21:46

rst:0xc (SW_CPU_RESET),boot:0x12 (SPI_FAST_FLASH_BOOT)
configsip: 0, SPIWP:0xee
clk_drv:0x00,q_drv:0x00,d_drv:0x00,cs0_drv:0x00,hd_drv:0x00,wp_drv:0x00
mode:DIO, clock div:1
load:0x3fff0030,len:4640
load:0x40078000,len:15592
load:0x40080400,len:3164
entry 0x4008059c
@SESAME hello 1 sesame-fw-s2mini/0.1.0
@SESAME face rest 0
HTTP server & Captive Portal started.
@SESAME face rest 1
WAVE
@SESAME face wave 0
STAND
@SESAME servo R1 135
@SESAME servo R2 45
@SESAME servo L1 45
@SESAME servo L2 135
@SESAME servo R4 0
@SESAME servo R3 180
@SESAME servo L3 0
@SESAME servo L4 180
@SESAME servo R4 80
@SESAME servo L3 180
@SESAME servo L2 90
@SESAME servo R1 100
@SESAME servo L3 180
@SESAME servo L3 180
@SESAME servo L3 100
@SESAME servo L3 180
@SESAME servo L3 100
@SESAME servo L3 180
@SESAME servo L3 100
@SESAME servo L3 180
@SESAME servo L3 100
Adding SPI flash device
