Adding SPI flash device
ets Jul 29 2019 12:21:46

rst:0x1 (POWERON_RESET),boot:0x12 (SPI_FAST_FLASH_BOOT)
configsip: 0, SPIWP:0xee
clk_drv:0x00,q_drv:0x00,d_drv:0x00,cs0_drv:0x00,hd_drv:0x00,wp_drv:0x00
mode:DIO, clock div:1
load:0x3fff0030,len:4640
load:0x40078000,len:15592
load:0x40080400,len:3164
entry 0x4008059c
Guru Meditation Error: Core  / panic'ed (Cache error). 
Cache disabled but cached memory region accessed

Core  0 register dump:
PC      : 0x4008a002  PS      : 0x00060e35  A0      : 0x80191abc  A1      : 0x3ffbd850  
A2      : 0x00000000  A3      : 0x00060023  A4      : 0x00060020  A5      : 0x3f429650  
A6      : 0x00000001  A7      : 0x00000160  A8      : 0x800eb486  A9      : 0x3ffbd810  
A10     : 0x00000000  A11     : 0x00000000  A12     : 0x3ffbe8b4  A13     : 0x00000000  
A14     : 0x00060020  A15     : 0x3ffbd82f  SAR     : 0x00000019  EXCCAUSE: 0x00000007  
EXCVADDR: 0x00000000  LBEG    : 0x00000000  LEND    : 0x00000000  LCOUNT  : 0x00000000  


Backtrace: 0x40089fff:0x3ffbd850 0x40191ab9:0x3ffbd870 0x4008dd9b:0x3ffbd890 0x4008cda1:0x3ffbd8b0


Core  1 register dump:
PC      : 0x400f4dff  PS      : 0x00060535  A0      : 0x800f2993  A1      : 0x3ffb1bb0  
A2      : 0x3ffcd99c  A3      : 0x3ffb1bec  A4      : 0x00000000  A5      : 0x3ffb1c0c  
A6      : 0xffffffff  A7      : 0xffffffff  A8      : 0x00000000  A9      : 0x00000000  
A10     : 0x3ffb1c23  A11     : 0x000000ff  A12     : 0x3ffb1b8c  A13     : 0x00000020  
A14     : 0x3ffc4d94  A15     : 0x0000abab  SAR     : 0x00000001  EXCCAUSE: 0x00000007  
EXCVADDR: 0x00000000  LBEG    : 0x40088d18  LEND    : 0x40088d34  LCOUNT  : 0x00000000  


Backtrace: 0x400f4dfc:0x3ffb1bb0 0x400f2990:0x3ffb1bd0 0x400f4100:0x3ffb1c50 0x400f4568:0x3ffb1cd0 0x400f4ace:0x3ffb1d10 0x400f2003:0x3ffb1d50 0x400f2083:0x3ffb1d80 0x4016becf:0x3ffb1da0 0x4016bf63:0x3ffb1dc0 0x4015472b:0x3ffb1de0 0x40154911:0x3ffb1e00 0x401229e7:0x3ffb1e20 0x400d8c12:0x3ffb1e40 0x400d8d24:0x3ffb1fc0 0x400d4d9a:0x3ffb20b0 0x400e7b5a:0x3ffb2130 0x4008cda1:0x3ffb2150




ELF file SHA256: 95c93a547

