Adding SPI flash device
ets Jul 29 2019 12:21:46

rst:0x1 (POWERON_RESET),boot:0x12 (SPI_FAST_FLASH_BOOT)
configsip: 0, SPIWP:0xee
clk_drv:0x00,q_drv:0x00,d_drv:0x00,cs0_drv:0x00,hd_drv:0x00,wp_drv:0x00
mode:DIO, clock div:1
load:0x3fff0030,len:4640
load:0x40078000,len:15592
load:0x40080400,len:3164
entry 0x4008059c

assert failed: esp_phy_enable phy_init.c:336 (phy_module_has_clock_bits(PHY_INIT_MODEM_CLOCK_REQUIRED_BITS))


Backtrace: 0x4008bf58:0x3ffcf360 0x4008bf1d:0x3ffcf380 0x400925c9:0x3ffcf3a0 0x400f5951:0x3ffcf4e0 0x401231ed:0x3ffcf500 0x4015198d:0x3ffcf520 0x4015236b:0x3ffcf540 0x4014feaa:0x3ffcf560 0x40188419:0x3ffcf580 0x4008cda1:0x3ffcf5b0




ELF file SHA256: 95c93a547

Rebooting...
ets Jul 29 2019 12:21:46

rst:0xc (SW_CPU_RESET),boot:0x12 (SPI_FAST_FLASH_BOOT)
configsip: 0, SPIWP:0xee
clk_drv:0x00,q_drv:0x00,d_drv:0x00,cs0_drv:0x00,hd_drv:0x00,wp_drv:0x00
mode:DIO, clock div:1
load:0x3fff0030,len:4640
load:0x40078000,len:15592
load:0x40080400,len:3164
entry 0x4008059c
Guru Meditation Error: Core  / panic'ed (Cache error). 
Cache disabled but cached memory region accessed

Core  0 register dump:
PC      : 0x4008a002  PS      : 0x00060135  A0      : 0x80191abc  A1      : 0x3ffbd850  
A2      : 0x00000000  A3      : 0x00060023  A4      : 0x00060020  A5      : 0x3f429650  
A6      : 0x00000003  A7      : 0x00060023  A8      : 0x800eb486  A9      : 0x3ffbd810  
A10     : 0x00000000  A11     : 0x00000000  A12     : 0x3ffbe8b4  A13     : 0x00000000  
A14     : 0x00060020  A15     : 0x3ffbd82f  SAR     : 0x00000019  EXCCAUSE: 0x00000007  
EXCVADDR: 0x00000000  LBEG    : 0x00000000  LEND    : 0x00000000  LCOUNT  : 0x00000000  


Backtrace: 0x40089fff:0x3ffbd850 0x40191ab9:0x3ffbd870 0x4008dd9b:0x3ffbd890 0x4008cda1:0x3ffbd8b0


Core  1 register dump:
PC      : 0x40082b45  PS      : 0x00060d35  A0      : 0x800ed386  A1      : 0x3ffb1d80  
A2      : 0xda5f510c  A3      : 0x00000004  A4      : 0x00000001  A5      : 0x3ffbddf0  
A6      : 0x3ffbde10  A7      : 0x00000030  A8      : 0xa852b397  A9      : 0x60035144  
A10     : 0xeb8543f0  A11     : 0x3ffc4efc  A12     : 0xea03df6b  A13     : 0x01816485  
A14     : 0x00000000  A15     : 0x00000000  SAR     : 0x00000010  EXCCAUSE: 0x00000007  
EXCVADDR: 0x00000000  LBEG    : 0x40088d99  LEND    : 0x40088dbb  LCOUNT  : 0xffffffff  


Backtrace: 0x40082b42:0x3ffb1d80 0x400ed383:0x3ffb1da0 0x40113583:0x3ffb1dd0 0x400db3ac:0x3ffb1e10 0x400d8b63:0x3ffb1e40 0x400d8d24:0x3ffb1fc0 0x400d4d9a:0x3ffb20b0 0x400e7b5a:0x3ffb2130 0x4008cda1:0x3ffb2150




ELF file SHA256: 95c93a547

