Adding SPI flash device
ets Jul 29 2019 12:21:46

rst:0x1 (POWERON_RESET),boot:0x12 (SPI_FAST_FLASH_BOOT)
configsip: 0, SPIWP:0xee
clk_drv:0x00,q_drv:0x00,d_drv:0x00,cs0_drv:0x00,hd_drv:0x00,wp_drv:0x00
mode:DIO, clock div:1
load:0x3fff0030,len:4640
load:0x40078000,len:15592
load:0x40080400,len:3164
entry 0x4008059c
Guru Meditation Error: Core  / panic'ed (Cache error). 
Cache disabled but cached memory region accessed

Core  0 register dump:
PC      : 0x4008a002  PS      : 0x00060935  A0      : 0x80191abc  A1      : 0x3ffbd850  
A2      : 0x00000000  A3      : 0x00060023  A4      : 0x00060020  A5      : 0x3f429650  
A6      : 0x00000001  A7      : 0x00000160  A8      : 0x800eb486  A9      : 0x3ffbd810  
A10     : 0x00000000  A11     : 0x00000000  A12     : 0x3ffbe8b4  A13     : 0x00000000  
A14     : 0x00060020  A15     : 0x3ffbd82f  SAR     : 0x00000019  EXCCAUSE: 0x00000007  
EXCVADDR: 0x00000000  LBEG    : 0x00000000  LEND    : 0x00000000  LCOUNT  : 0x00000000  


Backtrace: 0x40089fff:0x3ffbd850 0x40191ab9:0x3ffbd870 0x4008dd9b:0x3ffbd890 0x4008cda1:0x3ffbd8b0


Core  1 register dump:
PC      : 0x4008a002  PS      : 0x00060b35  A0      : 0x80191abc  A1      : 0x3ffcc250  
A2      : 0x00000000  A3      : 0x00000000  A4      : 0x00000001  A5      : 0x3ffbad00  
A6      : 0x400819a4  A7      : 0x00000001  A8      : 0x00000000  A9      : 0x00000000  
A10     : 0x00000000  A11     : 0x00000000  A12     : 0x3ffbad00  A13     : 0x3ffbacd0  
A14     : 0x00000004  A15     : 0x00000000  SAR     : 0x00000000  EXCCAUSE: 0x00000007  
EXCVADDR: 0x00000000  LBEG    : 0x00000000  LEND    : 0x00000000  LCOUNT  : 0x00000000  


Backtrace: 0x40089fff:0x3ffcc250 0x40191ab9:0x3ffcc270 0x4008dd9b:0x3ffcc290 0x4008cda1:0x3ffcc2b0




ELF file SHA256: 95c93a547

